// Jest Snapshot v1, https://goo.gl/fbAQLP

exports[`margin properly applies a value when passed only one 1`] = `Object {}`;

exports[`margin properly applies values when passed four 1`] = `Object {}`;

exports[`margin properly applies values when passed three 1`] = `Object {}`;

exports[`margin properly applies values when passed two 1`] = `Object {}`;
