// Jest Snapshot v1, https://goo.gl/fbAQLP

exports[`position properly applies a value when passed only one 1`] = `Object {}`;

exports[`position properly applies values when passed four 1`] = `Object {}`;

exports[`position properly applies values when passed three 1`] = `Object {}`;

exports[`position properly applies values when passed two 1`] = `Object {}`;

exports[`position properly ignores position property, when not passed one 1`] = `Object {}`;
