// Jest Snapshot v1, https://goo.gl/fbAQLP

exports[`size should pass parameters to the values of height and width 1`] = `Object {}`;

exports[`size should properly add rules when block has existing rules 1`] = `
Object {
  "background": "red",
}
`;

exports[`size should set height and width to the same value when only one parameter is passed 1`] = `Object {}`;
